disabled rudder-plugin-dsc
disabled rudder-plugin-system-updates
