my var is TEST_VALUE


The answer



I can iterate over:


display test1

display test2



display this

