my other var is test_value

I can iterate over:


display test1

display test2



display this

