Name=package_1
Version=
Architecture=
Name=package_2
Version=3.3
Architecture=
Name=package_3
Version=
Architecture=
Name=package_4
Version=
Architecture=
Name=package_5
Version=
Architecture=x86_64
Name=package_6
Version=6.5
Architecture=i686
